2025-07-23T08:45:35 | touched: scripts/deploy.js
2025-10-08T03:25:49 | touched: package.json
2025-06-22T13:50:26 | touched: contracts/Ethereumnode.sol
2025-12-04T08:59:44 | touched: .env.example
2025-11-24T23:46:32 | touched: LICENSE
2025-12-04T13:09:10 | touched: package.json
2025-11-26T12:41:45 | touched: README.md
2025-02-10T10:44:08 | touched: .env.example
2025-09-30T14:35:39 | touched: scripts/deploy.js
2025-05-29T03:53:04 | touched: test/Ethereumnode.test.js
2025-07-27T07:16:15 | touched: LICENSE
2025-07-21T21:53:01 | touched: contracts/Ethereumnode.sol
2025-12-01T10:26:14 | touched: package.json
2025-04-22T00:05:36 | touched: README.md
2025-12-07T06:36:01 | touched: contracts/Ethereumnode.sol
2025-05-12T21:59:04 | touched: .env.example
2025-12-04T19:38:07 | touched: .env.example
2025-08-03T21:52:12 | touched: contracts/Ethereumnode.sol
2025-02-22T22:12:50 | touched: hardhat.config.js
2025-04-22T07:52:08 | touched: LICENSE
2025-07-30T01:12:34 | touched: scripts/deploy.js
2025-08-22T10:09:09 | touched: .env.example
2025-05-15T08:35:23 | touched: package.json
2025-11-17T09:23:14 | touched: README.md
2025-06-22T16:45:43 | touched: README.md
2025-04-09T18:50:13 | touched: scripts/deploy.js
2025-04-03T19:23:09 | touched: .env.example
2025-06-17T14:57:19 | touched: README.md
2025-01-05T09:45:26 | touched: scripts/deploy.js
2025-10-12T01:27:57 | touched: contracts/Ethereumnode.sol
